Loading 50ms captures, T_WIN=64, STRIDE=32, use_3d=True, model=ann, use_empty_baseline=False, amplitude_norm=energy, denoise=None, use_motion_magnitude=False, use_relative_motion=True, seed=0...
50 raw captures found under /home/newuser/Downloads/snn-csi-tracking/data/raw_captures
[1/50] NLoS_E_capture1: 36 windows  (0.7s elapsed)
[2/50] NLoS_E_capture2: 36 windows  (1.3s elapsed)
[3/50] NLoS_E_capture3: 36 windows  (2.0s elapsed)
[4/50] NLoS_E_capture4: 36 windows  (2.6s elapsed)
[5/50] NLoS_E_capture5: 36 windows  (3.3s elapsed)
[6/50] NLoS_EN-S_capture1: 34 windows  (3.9s elapsed)
[7/50] NLoS_EN-S_capture2: 36 windows  (4.5s elapsed)
[8/50] NLoS_EN-S_capture3: 36 windows  (5.2s elapsed)
[9/50] NLoS_EN-S_capture4: 36 windows  (5.8s elapsed)
[10/50] NLoS_EN-S_capture5: 36 windows  (6.5s elapsed)
[11/50] NLoS_EN-W_capture1: 36 windows  (7.1s elapsed)
[12/50] NLoS_EN-W_capture2: 36 windows  (7.8s elapsed)
[13/50] NLoS_EN-W_capture3: 36 windows  (8.4s elapsed)
[14/50] NLoS_EN-W_capture4: 36 windows  (9.1s elapsed)
[15/50] NLoS_EN-W_capture5: 36 windows  (9.7s elapsed)
[16/50] NLoS_L_capture1: 36 windows  (10.4s elapsed)
[17/50] NLoS_L_capture2: 36 windows  (11.0s elapsed)
[18/50] NLoS_L_capture3: 36 windows  (11.7s elapsed)
[19/50] NLoS_L_capture4: 36 windows  (12.3s elapsed)
[20/50] NLoS_L_capture5: 36 windows  (13.0s elapsed)
[21/50] NLoS_S_capture1: 36 windows  (13.6s elapsed)
[22/50] NLoS_S_capture2: 36 windows  (14.3s elapsed)
[23/50] NLoS_S_capture3: 36 windows  (14.9s elapsed)
[24/50] NLoS_S_capture4: 36 windows  (15.6s elapsed)
[25/50] NLoS_S_capture5: 36 windows  (16.2s elapsed)
[26/50] PLoS_E_capture1: 36 windows  (16.9s elapsed)
[27/50] PLoS_E_capture2: 36 windows  (17.5s elapsed)
[28/50] PLoS_E_capture3: 36 windows  (18.2s elapsed)
[29/50] PLoS_E_capture4: 36 windows  (18.8s elapsed)
[30/50] PLoS_E_capture5: 36 windows  (19.5s elapsed)
[31/50] PLoS_EN-S_capture1: 36 windows  (20.1s elapsed)
[32/50] PLoS_EN-S_capture2: 36 windows  (20.7s elapsed)
[33/50] PLoS_EN-S_capture3: 34 windows  (21.3s elapsed)
[34/50] PLoS_EN-S_capture4: 36 windows  (22.0s elapsed)
[35/50] PLoS_EN-S_capture5: 36 windows  (22.6s elapsed)
[36/50] PLoS_EN-W_capture1: 36 windows  (23.2s elapsed)
[37/50] PLoS_EN-W_capture2: 36 windows  (23.9s elapsed)
[38/50] PLoS_EN-W_capture3: 36 windows  (24.5s elapsed)
[39/50] PLoS_EN-W_capture4: 36 windows  (25.2s elapsed)
[40/50] PLoS_EN-W_capture5: 36 windows  (25.8s elapsed)
[41/50] PLoS_L_capture1: 36 windows  (26.4s elapsed)
[42/50] PLoS_L_capture2: 36 windows  (27.0s elapsed)
[43/50] PLoS_L_capture3: 36 windows  (27.7s elapsed)
[44/50] PLoS_L_capture4: 36 windows  (28.3s elapsed)
[45/50] PLoS_L_capture5: 36 windows  (28.9s elapsed)
[46/50] PLoS_S_capture1: 36 windows  (29.6s elapsed)
[47/50] PLoS_S_capture2: 36 windows  (30.2s elapsed)
[48/50] PLoS_S_capture3: 36 windows  (30.9s elapsed)
[49/50] PLoS_S_capture4: 36 windows  (31.5s elapsed)
[50/50] PLoS_S_capture5: 36 windows  (32.1s elapsed)
presence rate: 0.65
Cached dataset to /home/newuser/Downloads/snn-csi-tracking/data/processed/presence_position_perframe_ampphaserelmot_enorm_3d_50ms_w64_s32_X.npy
X=(1796, 8, 1024, 64), pos=(1796, 64, 3), 50 trials (48.0s)
split (mode=balanced, seed=0): train=1076 val=360 test=360 windows
  train sessions: [np.str_('NLoS_E'), np.str_('NLoS_EN-S'), np.str_('NLoS_EN-W'), np.str_('PLoS_EN-S'), np.str_('PLoS_L'), np.str_('PLoS_S')]
  val sessions:   [np.str_('NLoS_S'), np.str_('PLoS_EN-W')]
  test sessions:  [np.str_('NLoS_L'), np.str_('PLoS_E')]
pos_weight (presence) = 0.495

Training on cuda for 60 epochs...
epoch  1/60  train_loss=0.79718  val_loss=0.70258  val_presence_acc=0.713  val_rmse=0.5458  (4.0s)  <- best so far
epoch  2/60  train_loss=0.47031  val_loss=0.73249  val_presence_acc=0.745  val_rmse=0.5471  (3.2s)
epoch  3/60  train_loss=0.41326  val_loss=0.67317  val_presence_acc=0.707  val_rmse=0.5794  (3.2s)  <- best so far
epoch  4/60  train_loss=0.37462  val_loss=0.61855  val_presence_acc=0.720  val_rmse=0.5467  (3.2s)  <- best so far
epoch  5/60  train_loss=0.33927  val_loss=0.82273  val_presence_acc=0.632  val_rmse=0.5558  (3.2s)
epoch  6/60  train_loss=0.32448  val_loss=0.54699  val_presence_acc=0.786  val_rmse=0.5294  (3.2s)  <- best so far
epoch  7/60  train_loss=0.30897  val_loss=0.69641  val_presence_acc=0.674  val_rmse=0.5019  (3.2s)
epoch  8/60  train_loss=0.28293  val_loss=0.64996  val_presence_acc=0.709  val_rmse=0.5095  (3.1s)
epoch  9/60  train_loss=0.26363  val_loss=0.72516  val_presence_acc=0.690  val_rmse=0.5408  (3.1s)
epoch 10/60  train_loss=0.25056  val_loss=0.63392  val_presence_acc=0.769  val_rmse=0.5300  (3.1s)
epoch 11/60  train_loss=0.23373  val_loss=1.16173  val_presence_acc=0.691  val_rmse=0.6988  (3.2s)
epoch 12/60  train_loss=0.23242  val_loss=0.65422  val_presence_acc=0.766  val_rmse=0.5197  (3.2s)
epoch 13/60  train_loss=0.21913  val_loss=0.96346  val_presence_acc=0.679  val_rmse=0.5966  (3.2s)
epoch 14/60  train_loss=0.20093  val_loss=0.98932  val_presence_acc=0.658  val_rmse=0.5403  (3.1s)
epoch 15/60  train_loss=0.20974  val_loss=0.82286  val_presence_acc=0.720  val_rmse=0.5719  (3.1s)
epoch 16/60  train_loss=0.19242  val_loss=0.74875  val_presence_acc=0.739  val_rmse=0.5120  (3.1s)
epoch 17/60  train_loss=0.18536  val_loss=1.05740  val_presence_acc=0.664  val_rmse=0.5654  (3.1s)
epoch 18/60  train_loss=0.17889  val_loss=1.09395  val_presence_acc=0.663  val_rmse=0.5627  (3.1s)
epoch 19/60  train_loss=0.17039  val_loss=1.55172  val_presence_acc=0.664  val_rmse=0.7120  (3.2s)
epoch 20/60  train_loss=0.17728  val_loss=1.57416  val_presence_acc=0.685  val_rmse=0.7685  (3.1s)
epoch 21/60  train_loss=0.16045  val_loss=1.52907  val_presence_acc=0.650  val_rmse=0.7002  (3.1s)
epoch 22/60  train_loss=0.16973  val_loss=1.87752  val_presence_acc=0.613  val_rmse=0.8030  (3.1s)
epoch 23/60  train_loss=0.15959  val_loss=1.13169  val_presence_acc=0.669  val_rmse=0.5627  (3.1s)
epoch 24/60  train_loss=0.16077  val_loss=2.06837  val_presence_acc=0.572  val_rmse=0.6293  (3.1s)
epoch 25/60  train_loss=0.15014  val_loss=1.29142  val_presence_acc=0.636  val_rmse=0.5323  (3.2s)
epoch 26/60  train_loss=0.14176  val_loss=1.24764  val_presence_acc=0.653  val_rmse=0.5531  (3.2s)
epoch 27/60  train_loss=0.14025  val_loss=1.51955  val_presence_acc=0.614  val_rmse=0.5773  (3.1s)
epoch 28/60  train_loss=0.14638  val_loss=1.19612  val_presence_acc=0.730  val_rmse=0.6394  (3.2s)
epoch 29/60  train_loss=0.14570  val_loss=1.97494  val_presence_acc=0.576  val_rmse=0.6455  (3.2s)
epoch 30/60  train_loss=0.13315  val_loss=1.43843  val_presence_acc=0.646  val_rmse=0.6060  (3.2s)
epoch 31/60  train_loss=0.14454  val_loss=1.44327  val_presence_acc=0.624  val_rmse=0.5611  (3.2s)
epoch 32/60  train_loss=0.15221  val_loss=1.46094  val_presence_acc=0.669  val_rmse=0.6617  (3.1s)
epoch 33/60  train_loss=0.12539  val_loss=1.54813  val_presence_acc=0.635  val_rmse=0.6125  (3.1s)
epoch 34/60  train_loss=0.13224  val_loss=1.54353  val_presence_acc=0.664  val_rmse=0.6344  (3.2s)
epoch 35/60  train_loss=0.12370  val_loss=2.03760  val_presence_acc=0.594  val_rmse=0.6374  (3.1s)
epoch 36/60  train_loss=0.12248  val_loss=2.03048  val_presence_acc=0.620  val_rmse=0.6839  (3.1s)
epoch 37/60  train_loss=0.11564  val_loss=2.27816  val_presence_acc=0.606  val_rmse=0.7349  (3.2s)
epoch 38/60  train_loss=0.10928  val_loss=2.58798  val_presence_acc=0.573  val_rmse=0.7409  (3.2s)
epoch 39/60  train_loss=0.10717  val_loss=2.01386  val_presence_acc=0.631  val_rmse=0.7283  (3.1s)
epoch 40/60  train_loss=0.11222  val_loss=1.51686  val_presence_acc=0.659  val_rmse=0.6393  (3.1s)
epoch 41/60  train_loss=0.12018  val_loss=1.34472  val_presence_acc=0.670  val_rmse=0.6637  (3.1s)
epoch 42/60  train_loss=0.11596  val_loss=2.19773  val_presence_acc=0.607  val_rmse=0.7645  (3.1s)
epoch 43/60  train_loss=0.10526  val_loss=1.94968  val_presence_acc=0.608  val_rmse=0.6655  (3.1s)
epoch 44/60  train_loss=0.10333  val_loss=2.08121  val_presence_acc=0.645  val_rmse=0.7514  (3.1s)
epoch 45/60  train_loss=0.10576  val_loss=2.64065  val_presence_acc=0.600  val_rmse=0.8344  (3.1s)
epoch 46/60  train_loss=0.10087  val_loss=1.91693  val_presence_acc=0.636  val_rmse=0.7243  (3.1s)
epoch 47/60  train_loss=0.11369  val_loss=2.27054  val_presence_acc=0.627  val_rmse=0.7774  (3.2s)
epoch 48/60  train_loss=0.10369  val_loss=2.96543  val_presence_acc=0.550  val_rmse=0.7722  (3.2s)
epoch 49/60  train_loss=0.10360  val_loss=2.31688  val_presence_acc=0.604  val_rmse=0.7397  (3.1s)
epoch 50/60  train_loss=0.10065  val_loss=2.14289  val_presence_acc=0.605  val_rmse=0.7102  (3.1s)
epoch 51/60  train_loss=0.09490  val_loss=2.09575  val_presence_acc=0.622  val_rmse=0.7248  (3.2s)
epoch 52/60  train_loss=0.09078  val_loss=2.26669  val_presence_acc=0.616  val_rmse=0.7461  (3.1s)
epoch 53/60  train_loss=0.09207  val_loss=2.68428  val_presence_acc=0.619  val_rmse=0.8875  (3.2s)
epoch 54/60  train_loss=0.09158  val_loss=2.15606  val_presence_acc=0.626  val_rmse=0.7424  (3.2s)
epoch 55/60  train_loss=0.09281  val_loss=1.94840  val_presence_acc=0.637  val_rmse=0.7354  (3.1s)
epoch 56/60  train_loss=0.09525  val_loss=2.18244  val_presence_acc=0.625  val_rmse=0.7509  (3.2s)
epoch 57/60  train_loss=0.08870  val_loss=2.70480  val_presence_acc=0.608  val_rmse=0.8576  (3.1s)
epoch 58/60  train_loss=0.12045  val_loss=1.75807  val_presence_acc=0.640  val_rmse=0.6522  (3.2s)
epoch 59/60  train_loss=0.12614  val_loss=2.01544  val_presence_acc=0.563  val_rmse=0.6268  (3.2s)
epoch 60/60  train_loss=0.11343  val_loss=1.84524  val_presence_acc=0.636  val_rmse=0.6884  (3.2s)

restoring best checkpoint from epoch 6 (val_loss=0.5470)
calibrated presence threshold (val, balanced acc): threshold=0.60, balanced_acc=0.809 (vs fixed 0.5)

FINAL TEST (raw, calibrated threshold=0.60): presence_acc=0.410, rmse=0.5417
  presence_acc [E (empty room)]: 0.159  (180 windows)
  presence_acc [non-E (real activity)]: 0.662  (180 windows)
FINAL TEST (smoothed, calibrated threshold=0.60): presence_acc=0.431, rmse=0.8215
FINAL TEST (chronological split, comparable to historical 0.814 baseline): presence_acc=0.782, rmse=0.4202
total wall time: 240.5s
saved best checkpoint to /home/newuser/Downloads/snn-csi-tracking/results/models/presence_position_conv_ann_3d_none_50ms.pt
