Loading 50ms captures, T_WIN=64, STRIDE=32, use_3d=True, model=lstm, use_empty_baseline=False, amplitude_norm=energy, denoise=None, use_motion_magnitude=False, use_relative_motion=True, seed=0...
Loading cached dataset from /home/newuser/Downloads/snn-csi-tracking/data/processed/presence_position_perframe_ampphaserelmot_enorm_3d_50ms_w64_s32_X.npy
X=(1796, 8, 1024, 64), pos=(1796, 64, 3), 50 trials (0.0s)
split (mode=balanced, seed=0): train=1076 val=360 test=360 windows
  train sessions: [np.str_('NLoS_E'), np.str_('NLoS_EN-S'), np.str_('NLoS_EN-W'), np.str_('PLoS_EN-S'), np.str_('PLoS_L'), np.str_('PLoS_S')]
  val sessions:   [np.str_('NLoS_S'), np.str_('PLoS_EN-W')]
  test sessions:  [np.str_('NLoS_L'), np.str_('PLoS_E')]
pos_weight (presence) = 0.495

Training on cuda for 60 epochs...
/home/newuser/Downloads/snn-csi-tracking/src/snn_csi_tracking/data/dataset.py:64: UserWarning: The given NumPy array is not writable, and PyTorch does not support non-writable tensors. This means writing to this tensor will result in undefined behavior. You may want to copy the array to protect its data or make it writable before converting it to a tensor. This type of warning will be suppressed for the rest of this program. (Triggered internally at /__w/pytorch/pytorch/torch/csrc/utils/tensor_numpy.cpp:213.)
  window_t = torch.as_tensor(window, dtype=torch.float32)
/home/newuser/Downloads/snn-csi-tracking/src/snn_csi_tracking/data/dataset.py:64: UserWarning: The given NumPy array is not writable, and PyTorch does not support non-writable tensors. This means writing to this tensor will result in undefined behavior. You may want to copy the array to protect its data or make it writable before converting it to a tensor. This type of warning will be suppressed for the rest of this program. (Triggered internally at /__w/pytorch/pytorch/torch/csrc/utils/tensor_numpy.cpp:213.)
  window_t = torch.as_tensor(window, dtype=torch.float32)
/home/newuser/Downloads/snn-csi-tracking/src/snn_csi_tracking/data/dataset.py:64: UserWarning: The given NumPy array is not writable, and PyTorch does not support non-writable tensors. This means writing to this tensor will result in undefined behavior. You may want to copy the array to protect its data or make it writable before converting it to a tensor. This type of warning will be suppressed for the rest of this program. (Triggered internally at /__w/pytorch/pytorch/torch/csrc/utils/tensor_numpy.cpp:213.)
  window_t = torch.as_tensor(window, dtype=torch.float32)
/home/newuser/Downloads/snn-csi-tracking/src/snn_csi_tracking/data/dataset.py:64: UserWarning: The given NumPy array is not writable, and PyTorch does not support non-writable tensors. This means writing to this tensor will result in undefined behavior. You may want to copy the array to protect its data or make it writable before converting it to a tensor. This type of warning will be suppressed for the rest of this program. (Triggered internally at /__w/pytorch/pytorch/torch/csrc/utils/tensor_numpy.cpp:213.)
  window_t = torch.as_tensor(window, dtype=torch.float32)
/home/newuser/Downloads/snn-csi-tracking/src/snn_csi_tracking/data/dataset.py:64: UserWarning: The given NumPy array is not writable, and PyTorch does not support non-writable tensors. This means writing to this tensor will result in undefined behavior. You may want to copy the array to protect its data or make it writable before converting it to a tensor. This type of warning will be suppressed for the rest of this program. (Triggered internally at /__w/pytorch/pytorch/torch/csrc/utils/tensor_numpy.cpp:213.)
  window_t = torch.as_tensor(window, dtype=torch.float32)
/home/newuser/Downloads/snn-csi-tracking/src/snn_csi_tracking/data/dataset.py:64: UserWarning: The given NumPy array is not writable, and PyTorch does not support non-writable tensors. This means writing to this tensor will result in undefined behavior. You may want to copy the array to protect its data or make it writable before converting it to a tensor. This type of warning will be suppressed for the rest of this program. (Triggered internally at /__w/pytorch/pytorch/torch/csrc/utils/tensor_numpy.cpp:213.)
  window_t = torch.as_tensor(window, dtype=torch.float32)
/home/newuser/Downloads/snn-csi-tracking/src/snn_csi_tracking/data/dataset.py:64: UserWarning: The given NumPy array is not writable, and PyTorch does not support non-writable tensors. This means writing to this tensor will result in undefined behavior. You may want to copy the array to protect its data or make it writable before converting it to a tensor. This type of warning will be suppressed for the rest of this program. (Triggered internally at /__w/pytorch/pytorch/torch/csrc/utils/tensor_numpy.cpp:213.)
  window_t = torch.as_tensor(window, dtype=torch.float32)
/home/newuser/Downloads/snn-csi-tracking/src/snn_csi_tracking/data/dataset.py:64: UserWarning: The given NumPy array is not writable, and PyTorch does not support non-writable tensors. This means writing to this tensor will result in undefined behavior. You may want to copy the array to protect its data or make it writable before converting it to a tensor. This type of warning will be suppressed for the rest of this program. (Triggered internally at /__w/pytorch/pytorch/torch/csrc/utils/tensor_numpy.cpp:213.)
  window_t = torch.as_tensor(window, dtype=torch.float32)
epoch  1/60  train_loss=1.13580  val_loss=0.87684  val_presence_acc=0.684  val_rmse=0.6892  (2.6s)  <- best so far
epoch  2/60  train_loss=0.67105  val_loss=0.60089  val_presence_acc=0.662  val_rmse=0.4976  (2.0s)  <- best so far
epoch  3/60  train_loss=0.48598  val_loss=0.55384  val_presence_acc=0.553  val_rmse=0.4328  (2.1s)  <- best so far
epoch  4/60  train_loss=0.42370  val_loss=0.48056  val_presence_acc=0.713  val_rmse=0.4191  (2.1s)  <- best so far
epoch  5/60  train_loss=0.39519  val_loss=0.49583  val_presence_acc=0.871  val_rmse=0.4499  (2.0s)
epoch  6/60  train_loss=0.38716  val_loss=0.51926  val_presence_acc=0.753  val_rmse=0.4436  (2.0s)
epoch  7/60  train_loss=0.36598  val_loss=0.49687  val_presence_acc=0.808  val_rmse=0.4467  (2.1s)
epoch  8/60  train_loss=0.34585  val_loss=0.50558  val_presence_acc=0.713  val_rmse=0.4553  (2.0s)
epoch  9/60  train_loss=0.33119  val_loss=0.46663  val_presence_acc=0.870  val_rmse=0.4464  (2.0s)  <- best so far
epoch 10/60  train_loss=0.31653  val_loss=0.44691  val_presence_acc=0.867  val_rmse=0.4147  (2.1s)  <- best so far
epoch 11/60  train_loss=0.30118  val_loss=0.48736  val_presence_acc=0.866  val_rmse=0.4585  (2.1s)
epoch 12/60  train_loss=0.30248  val_loss=0.42917  val_presence_acc=0.824  val_rmse=0.4297  (2.1s)  <- best so far
epoch 13/60  train_loss=0.31793  val_loss=0.48720  val_presence_acc=0.842  val_rmse=0.4462  (2.0s)
epoch 14/60  train_loss=0.29797  val_loss=0.51081  val_presence_acc=0.771  val_rmse=0.4399  (2.0s)
epoch 15/60  train_loss=0.27601  val_loss=0.49921  val_presence_acc=0.784  val_rmse=0.4447  (2.0s)
epoch 16/60  train_loss=0.26521  val_loss=0.53289  val_presence_acc=0.739  val_rmse=0.4457  (2.0s)
epoch 17/60  train_loss=0.25739  val_loss=0.51793  val_presence_acc=0.787  val_rmse=0.4612  (2.0s)
epoch 18/60  train_loss=0.24047  val_loss=0.50100  val_presence_acc=0.799  val_rmse=0.4435  (2.1s)
epoch 19/60  train_loss=0.23170  val_loss=0.49318  val_presence_acc=0.770  val_rmse=0.4586  (2.1s)
epoch 20/60  train_loss=0.22476  val_loss=0.53767  val_presence_acc=0.812  val_rmse=0.4802  (2.0s)
epoch 21/60  train_loss=0.22118  val_loss=0.54102  val_presence_acc=0.753  val_rmse=0.4545  (2.1s)
epoch 22/60  train_loss=0.21154  val_loss=0.53773  val_presence_acc=0.768  val_rmse=0.4491  (2.1s)
epoch 23/60  train_loss=0.20100  val_loss=0.60983  val_presence_acc=0.673  val_rmse=0.4515  (2.1s)
epoch 24/60  train_loss=0.20530  val_loss=0.61757  val_presence_acc=0.775  val_rmse=0.4722  (2.0s)
epoch 25/60  train_loss=0.19298  val_loss=0.51194  val_presence_acc=0.849  val_rmse=0.4553  (2.0s)
epoch 26/60  train_loss=0.17780  val_loss=0.55063  val_presence_acc=0.738  val_rmse=0.4645  (2.0s)
epoch 27/60  train_loss=0.18101  val_loss=0.57385  val_presence_acc=0.760  val_rmse=0.4555  (2.1s)
epoch 28/60  train_loss=0.17183  val_loss=0.68436  val_presence_acc=0.656  val_rmse=0.4549  (2.1s)
epoch 29/60  train_loss=0.18082  val_loss=0.52420  val_presence_acc=0.853  val_rmse=0.4684  (2.0s)
epoch 30/60  train_loss=0.18117  val_loss=0.66588  val_presence_acc=0.719  val_rmse=0.4791  (2.0s)
epoch 31/60  train_loss=0.20439  val_loss=0.81132  val_presence_acc=0.527  val_rmse=0.4640  (2.0s)
epoch 32/60  train_loss=0.19967  val_loss=0.68686  val_presence_acc=0.699  val_rmse=0.4722  (2.1s)
epoch 33/60  train_loss=0.17504  val_loss=0.65360  val_presence_acc=0.701  val_rmse=0.4694  (2.0s)
epoch 34/60  train_loss=0.16702  val_loss=0.59429  val_presence_acc=0.761  val_rmse=0.4740  (2.0s)
epoch 35/60  train_loss=0.18877  val_loss=0.66941  val_presence_acc=0.652  val_rmse=0.4885  (2.1s)
epoch 36/60  train_loss=0.16647  val_loss=0.61436  val_presence_acc=0.735  val_rmse=0.4497  (2.0s)
epoch 37/60  train_loss=0.15371  val_loss=0.66137  val_presence_acc=0.698  val_rmse=0.4412  (2.0s)
epoch 38/60  train_loss=0.14572  val_loss=0.81060  val_presence_acc=0.557  val_rmse=0.4727  (2.1s)
epoch 39/60  train_loss=0.13511  val_loss=0.72826  val_presence_acc=0.688  val_rmse=0.4644  (2.1s)
epoch 40/60  train_loss=0.13784  val_loss=0.76908  val_presence_acc=0.658  val_rmse=0.4824  (2.1s)
epoch 41/60  train_loss=0.13318  val_loss=0.68423  val_presence_acc=0.723  val_rmse=0.4859  (2.0s)
epoch 42/60  train_loss=0.12487  val_loss=0.83816  val_presence_acc=0.603  val_rmse=0.4911  (2.0s)
epoch 43/60  train_loss=0.12105  val_loss=0.88082  val_presence_acc=0.580  val_rmse=0.5182  (2.1s)
epoch 44/60  train_loss=0.16077  val_loss=0.68425  val_presence_acc=0.731  val_rmse=0.4463  (2.1s)
epoch 45/60  train_loss=0.15387  val_loss=0.80408  val_presence_acc=0.642  val_rmse=0.5004  (2.1s)
epoch 46/60  train_loss=0.13141  val_loss=0.62383  val_presence_acc=0.813  val_rmse=0.4703  (2.0s)
epoch 47/60  train_loss=0.12488  val_loss=0.71830  val_presence_acc=0.731  val_rmse=0.4948  (2.0s)
epoch 48/60  train_loss=0.11531  val_loss=0.80829  val_presence_acc=0.640  val_rmse=0.5151  (2.1s)
epoch 49/60  train_loss=0.11230  val_loss=0.80380  val_presence_acc=0.666  val_rmse=0.4993  (2.0s)
epoch 50/60  train_loss=0.11158  val_loss=0.74305  val_presence_acc=0.743  val_rmse=0.4984  (2.1s)
epoch 51/60  train_loss=0.10381  val_loss=0.83425  val_presence_acc=0.696  val_rmse=0.5025  (2.1s)
epoch 52/60  train_loss=0.10827  val_loss=0.81121  val_presence_acc=0.696  val_rmse=0.5008  (2.1s)
epoch 53/60  train_loss=0.13040  val_loss=0.80197  val_presence_acc=0.728  val_rmse=0.4892  (2.1s)
epoch 54/60  train_loss=0.11568  val_loss=0.68389  val_presence_acc=0.784  val_rmse=0.5052  (2.1s)
epoch 55/60  train_loss=0.10552  val_loss=0.78551  val_presence_acc=0.734  val_rmse=0.5099  (2.1s)
epoch 56/60  train_loss=0.10112  val_loss=0.80799  val_presence_acc=0.730  val_rmse=0.4931  (2.0s)
epoch 57/60  train_loss=0.10616  val_loss=0.96338  val_presence_acc=0.559  val_rmse=0.5459  (2.1s)
epoch 58/60  train_loss=0.09950  val_loss=1.05374  val_presence_acc=0.576  val_rmse=0.5397  (2.1s)
epoch 59/60  train_loss=0.09637  val_loss=0.94657  val_presence_acc=0.654  val_rmse=0.5189  (2.0s)
epoch 60/60  train_loss=0.10274  val_loss=0.69465  val_presence_acc=0.804  val_rmse=0.4749  (2.1s)

restoring best checkpoint from epoch 12 (val_loss=0.4292)
calibrated presence threshold (val, balanced acc): threshold=0.65, balanced_acc=0.815 (vs fixed 0.5)
/home/newuser/Downloads/snn-csi-tracking/src/snn_csi_tracking/data/dataset.py:64: UserWarning: The given NumPy array is not writable, and PyTorch does not support non-writable tensors. This means writing to this tensor will result in undefined behavior. You may want to copy the array to protect its data or make it writable before converting it to a tensor. This type of warning will be suppressed for the rest of this program. (Triggered internally at /__w/pytorch/pytorch/torch/csrc/utils/tensor_numpy.cpp:213.)
  window_t = torch.as_tensor(window, dtype=torch.float32)
/home/newuser/Downloads/snn-csi-tracking/src/snn_csi_tracking/data/dataset.py:64: UserWarning: The given NumPy array is not writable, and PyTorch does not support non-writable tensors. This means writing to this tensor will result in undefined behavior. You may want to copy the array to protect its data or make it writable before converting it to a tensor. This type of warning will be suppressed for the rest of this program. (Triggered internally at /__w/pytorch/pytorch/torch/csrc/utils/tensor_numpy.cpp:213.)
  window_t = torch.as_tensor(window, dtype=torch.float32)
/home/newuser/Downloads/snn-csi-tracking/src/snn_csi_tracking/data/dataset.py:64: UserWarning: The given NumPy array is not writable, and PyTorch does not support non-writable tensors. This means writing to this tensor will result in undefined behavior. You may want to copy the array to protect its data or make it writable before converting it to a tensor. This type of warning will be suppressed for the rest of this program. (Triggered internally at /__w/pytorch/pytorch/torch/csrc/utils/tensor_numpy.cpp:213.)
  window_t = torch.as_tensor(window, dtype=torch.float32)
/home/newuser/Downloads/snn-csi-tracking/src/snn_csi_tracking/data/dataset.py:64: UserWarning: The given NumPy array is not writable, and PyTorch does not support non-writable tensors. This means writing to this tensor will result in undefined behavior. You may want to copy the array to protect its data or make it writable before converting it to a tensor. This type of warning will be suppressed for the rest of this program. (Triggered internally at /__w/pytorch/pytorch/torch/csrc/utils/tensor_numpy.cpp:213.)
  window_t = torch.as_tensor(window, dtype=torch.float32)

FINAL TEST (raw, calibrated threshold=0.65): presence_acc=0.731, rmse=0.4420
  presence_acc [E (empty room)]: 0.887  (180 windows)
  presence_acc [non-E (real activity)]: 0.576  (180 windows)
FINAL TEST (smoothed, calibrated threshold=0.65): presence_acc=0.705, rmse=0.7774
/home/newuser/Downloads/snn-csi-tracking/src/snn_csi_tracking/data/dataset.py:64: UserWarning: The given NumPy array is not writable, and PyTorch does not support non-writable tensors. This means writing to this tensor will result in undefined behavior. You may want to copy the array to protect its data or make it writable before converting it to a tensor. This type of warning will be suppressed for the rest of this program. (Triggered internally at /__w/pytorch/pytorch/torch/csrc/utils/tensor_numpy.cpp:213.)
  window_t = torch.as_tensor(window, dtype=torch.float32)
/home/newuser/Downloads/snn-csi-tracking/src/snn_csi_tracking/data/dataset.py:64: UserWarning: The given NumPy array is not writable, and PyTorch does not support non-writable tensors. This means writing to this tensor will result in undefined behavior. You may want to copy the array to protect its data or make it writable before converting it to a tensor. This type of warning will be suppressed for the rest of this program. (Triggered internally at /__w/pytorch/pytorch/torch/csrc/utils/tensor_numpy.cpp:213.)
  window_t = torch.as_tensor(window, dtype=torch.float32)
/home/newuser/Downloads/snn-csi-tracking/src/snn_csi_tracking/data/dataset.py:64: UserWarning: The given NumPy array is not writable, and PyTorch does not support non-writable tensors. This means writing to this tensor will result in undefined behavior. You may want to copy the array to protect its data or make it writable before converting it to a tensor. This type of warning will be suppressed for the rest of this program. (Triggered internally at /__w/pytorch/pytorch/torch/csrc/utils/tensor_numpy.cpp:213.)
  window_t = torch.as_tensor(window, dtype=torch.float32)
/home/newuser/Downloads/snn-csi-tracking/src/snn_csi_tracking/data/dataset.py:64: UserWarning: The given NumPy array is not writable, and PyTorch does not support non-writable tensors. This means writing to this tensor will result in undefined behavior. You may want to copy the array to protect its data or make it writable before converting it to a tensor. This type of warning will be suppressed for the rest of this program. (Triggered internally at /__w/pytorch/pytorch/torch/csrc/utils/tensor_numpy.cpp:213.)
  window_t = torch.as_tensor(window, dtype=torch.float32)
FINAL TEST (chronological split, comparable to historical 0.814 baseline): presence_acc=0.871, rmse=0.3681
total wall time: 125.6s
saved best checkpoint to /home/newuser/Downloads/snn-csi-tracking/results/models/presence_position_conv_lstm_3d_none_50ms.pt
